
> citibank@1.0.0 build
> next build

Γû▓ Next.js 16.1.6 (Turbopack)
- Environments: .env.local

node.exe : ΓÜá The "middleware" file convention is deprecated. Please use "proxy" instead. Learn more: 
https://nextjs.org/docs/messages/middleware-to-proxy
At line:1 char:1
+ & "C:\Program Files\nodejs/node.exe" "C:\Users\USER\AppData\Roaming\n ...
+ ~~~~~~~~~~~~~~~~~~~~~~~~~~~~~~~~~~~~~~~~~~~~~~~~~~~~~~~~~~~~~~~~~~~~~
    + CategoryInfo          : NotSpecified: (ΓÜá The "middle...leware-to-proxy:String) [], RemoteException
    + FullyQualifiedErrorId : NativeCommandError
 
  Creating an optimized production build ...
Γ£ô Compiled successfully in 15.6s
  Running TypeScript ...
Failed to compile.

.next/dev/types/validator.ts:108:31
Type error: Type 'typeof import("C:/Users/USER/Desktop/citibank/src/app/api/accounts/[id]/route")' does not satisfy the constraint 
'RouteHandlerConfig<"/api/accounts/[id]">'.
  Types of property 'GET' are incompatible.
    Type '(request: NextRequest, { params }: { params: { id: string; }; }) => Promise<NextResponse<{ error: string; }> | NextResponse<{ success: 
boolean; data: any; }>>' is not assignable to type '(request: NextRequest, context: { params: Promise<{ id: string; }>; }) => void | Response | 
Promise<void | Response>'.
      Types of parameters '__1' and 'context' are incompatible.
        Type '{ params: Promise<{ id: string; }>; }' is not assignable to type '{ params: { id: string; }; }'.
          Types of property 'params' are incompatible.
            Property 'id' is missing in type 'Promise<{ id: string; }>' but required in type '{ id: string; }'.

[0m [90m 106 |[39m   type __IsExpected[33m<[39m[33mSpecific[39m [36mextends[39m 
[33mRouteHandlerConfig[39m[33m<[39m[32m"/api/accounts/[id]"[39m[33m>>[39m [33m=[39m [33mSpecific[39m
 [90m 107 |[39m   [36mconst[39m handler [33m=[39m {} [36mas[39m [36mtypeof[39m 
[36mimport[39m([32m"../../../src/app/api/accounts/[id]/route.js"[39m)
[31m[1m>[22m[39m[90m 108 |[39m   type __Check [33m=[39m __IsExpected[33m<[39m[36mtypeof[39m handler[33m>[39m
 [90m     |[39m                               [31m[1m^[22m[39m
 [90m 109 |[39m   [90m// @ts-ignore[39m
 [90m 110 |[39m   type __Unused [33m=[39m __Check
 [90m 111 |[39m }[0m
Next.js build worker exited with code: 1 and signal: null
